// Jest Snapshot v1, https://goo.gl/fbAQLP

exports[`upload file to data set command should display upload file to data set help 1`] = `
"================z/OS FTP UPLOAD FILE-TO-DATA-SET ===============

 COMMAND NAME
 ------------

   file-to-data-set | ftds

 DESCRIPTION
 -----------

   Upload contents of a local file to a z/OS data set

 USAGE
 -----

   zowe zos-ftp upload file-to-data-set <file> <dataSet> [options]

 POSITIONAL ARGUMENTS
 --------------------

   file		 (local file path)

      Upload the contents of this file to the data set

   dataSet		 (string)

      The data set (PDS member or physical sequential data set) to which you would
      like to upload content.

 OPTIONS
 -------

   --binary | -b (boolean)

      Upload content in binary mode.

   --dcb (string)

      DCB parameters for sequential dataset (PS dataset) allocation if not existing.
      It is space separated like RECFM=FB LRECL=326 BLKSIZE=23472

 FTP CONNECTION OPTIONS
 ----------------------

   --host | -H (string)

      The hostname or IP address of the z/OS server to connect to.

   --port | -P (number)

      The port of the z/OS FTP server.

      Default value: 21

   --user | -u (string)

      Username for authentication on z/OS

   --password | -p | --pass | --pw (string)

      Password to authenticate to FTP.

   --secure-ftp (boolean)

      Set to true for both control and data connection encryption, 'control' for
      control connection encryption only, or 'implicit' for implicitly encrypted
      control connection (this mode is deprecated in modern times, but usually uses
      port 990). Note: Unfortunately, this plugin's functionality only works with FTP
      and FTPS, not 'SFTP' which is FTP over SSH.

      Default value: true

   --connection-timeout | --ct (number)

      How long (in milliseconds) to wait for the control connection to be established.

      Default value: 10000

 TLS / SECURE CONNECTION OPTIONS
 -------------------------------

   --reject-unauthorized | --ru (boolean)

      Reject self-signed certificates. Only specify this if you are connecting to a
      secure FTP instance.

   --server-name | --sn (string)

      Server name for the SNI (Server Name Indication) TLS extension. Only specify if
      you are connecting securely

 PROFILE OPTIONS
 ---------------

   --zftp-profile | --zftp-p (string)

      The name of a (zftp) profile to load for this command execution.

   --base-profile | --base-p (string)

      The name of a (base) profile to load for this command execution.

 BASE CONNECTION OPTIONS
 -----------------------

   --token-type | --tt (string)

      The type of token to get and use for the API. Omit this option to use the
      default token type, which is provided by 'zowe auth login'.

   --token-value | --tv (string)

      The value of the token to pass to the API.

   --cert-file (local file path)

      The file path to a certificate file to use for authentication

   --cert-key-file (local file path)

      The file path to a certificate key file to use for authentication

 GLOBAL OPTIONS
 --------------

   --show-inputs-only (boolean)

      Show command inputs and do not run the command

   --response-format-json | --rfj (boolean)

      Produce JSON formatted data from a command

   --help | -h (boolean)

      Display help text

   --help-examples (boolean)

      Display examples for all the commands in a group

   --help-web | --hw (boolean)

      Display HTML help in browser

 EXAMPLES
 --------

   - Upload to \\"ibmuser.cntl(iefbr14)\\" from the file
   iefbr14.txt:

      $ zowe zos-ftp upload file-to-data-set iefbr14.txt \\"ibmuser.cntl(iefbr14)\\"

   - Upload to \\"ibmuser.cntl(iefbr14)\\" from the file iefbr14.txt
   with the DCB parameters:

      $ zowe zos-ftp upload file-to-data-set iefbr14.txt \\"ibmuser.cntl(iefbr14)\\" --dcb \\"RECFM=FB LRECL=326 BLKSIZE=23472\\"

================z/OS FTP UPLOAD FILE-TO-DATA-SET ===========
{
  \\"success\\": true,
  \\"exitCode\\": 0,
  \\"message\\": \\"The help was constructed for command: file-to-data-set.\\",
  \\"stdout\\": \\"\\\\n COMMAND NAME\\\\n ------------\\\\n\\\\n   file-to-data-set | ftds\\\\n\\\\n DESCRIPTION\\\\n -----------\\\\n\\\\n   Upload contents of a local file to a z/OS data set\\\\n\\\\n USAGE\\\\n -----\\\\n\\\\n   zowe zos-ftp upload file-to-data-set <file> <dataSet> [options]\\\\n\\\\n POSITIONAL ARGUMENTS\\\\n --------------------\\\\n\\\\n   file\\\\t\\\\t (local file path)\\\\n\\\\n      Upload the contents of this file to the data set\\\\n\\\\n   dataSet\\\\t\\\\t (string)\\\\n\\\\n      The data set (PDS member or physical sequential data set) to which you would\\\\n      like to upload content.\\\\n\\\\n OPTIONS\\\\n -------\\\\n\\\\n   --binary | -b (boolean)\\\\n\\\\n      Upload content in binary mode.\\\\n\\\\n   --dcb (string)\\\\n\\\\n      DCB parameters for sequential dataset (PS dataset) allocation if not existing.\\\\n      It is space separated like RECFM=FB LRECL=326 BLKSIZE=23472\\\\n\\\\n FTP CONNECTION OPTIONS\\\\n ----------------------\\\\n\\\\n   --host | -H (string)\\\\n\\\\n      The hostname or IP address of the z/OS server to connect to.\\\\n\\\\n   --port | -P (number)\\\\n\\\\n      The port of the z/OS FTP server.\\\\n\\\\n      Default value: 21\\\\n\\\\n   --user | -u (string)\\\\n\\\\n      Username for authentication on z/OS\\\\n\\\\n   --password | -p | --pass | --pw (string)\\\\n\\\\n      Password to authenticate to FTP.\\\\n\\\\n   --secure-ftp (boolean)\\\\n\\\\n      Set to true for both control and data connection encryption, 'control' for\\\\n      control connection encryption only, or 'implicit' for implicitly encrypted\\\\n      control connection (this mode is deprecated in modern times, but usually uses\\\\n      port 990). Note: Unfortunately, this plugin's functionality only works with FTP\\\\n      and FTPS, not 'SFTP' which is FTP over SSH.\\\\n\\\\n      Default value: true\\\\n\\\\n   --connection-timeout | --ct (number)\\\\n\\\\n      How long (in milliseconds) to wait for the control connection to be established.\\\\n\\\\n      Default value: 10000\\\\n\\\\n TLS / SECURE CONNECTION OPTIONS\\\\n -------------------------------\\\\n\\\\n   --reject-unauthorized | --ru (boolean)\\\\n\\\\n      Reject self-signed certificates. Only specify this if you are connecting to a\\\\n      secure FTP instance.\\\\n\\\\n   --server-name | --sn (string)\\\\n\\\\n      Server name for the SNI (Server Name Indication) TLS extension. Only specify if\\\\n      you are connecting securely\\\\n\\\\n PROFILE OPTIONS\\\\n ---------------\\\\n\\\\n   --zftp-profile | --zftp-p (string)\\\\n\\\\n      The name of a (zftp) profile to load for this command execution.\\\\n\\\\n   --base-profile | --base-p (string)\\\\n\\\\n      The name of a (base) profile to load for this command execution.\\\\n\\\\n BASE CONNECTION OPTIONS\\\\n -----------------------\\\\n\\\\n   --token-type | --tt (string)\\\\n\\\\n      The type of token to get and use for the API. Omit this option to use the\\\\n      default token type, which is provided by 'zowe auth login'.\\\\n\\\\n   --token-value | --tv (string)\\\\n\\\\n      The value of the token to pass to the API.\\\\n\\\\n   --cert-file (local file path)\\\\n\\\\n      The file path to a certificate file to use for authentication\\\\n\\\\n   --cert-key-file (local file path)\\\\n\\\\n      The file path to a certificate key file to use for authentication\\\\n\\\\n GLOBAL OPTIONS\\\\n --------------\\\\n\\\\n   --show-inputs-only (boolean)\\\\n\\\\n      Show command inputs and do not run the command\\\\n\\\\n   --response-format-json | --rfj (boolean)\\\\n\\\\n      Produce JSON formatted data from a command\\\\n\\\\n   --help | -h (boolean)\\\\n\\\\n      Display help text\\\\n\\\\n   --help-examples (boolean)\\\\n\\\\n      Display examples for all the commands in a group\\\\n\\\\n   --help-web | --hw (boolean)\\\\n\\\\n      Display HTML help in browser\\\\n\\\\n EXAMPLES\\\\n --------\\\\n\\\\n   - Upload to \\\\\\"ibmuser.cntl(iefbr14)\\\\\\" from the file\\\\n   iefbr14.txt:\\\\n\\\\n      $ zowe zos-ftp upload file-to-data-set iefbr14.txt \\\\\\"ibmuser.cntl(iefbr14)\\\\\\"\\\\n\\\\n   - Upload to \\\\\\"ibmuser.cntl(iefbr14)\\\\\\" from the file iefbr14.txt\\\\n   with the DCB parameters:\\\\n\\\\n      $ zowe zos-ftp upload file-to-data-set iefbr14.txt \\\\\\"ibmuser.cntl(iefbr14)\\\\\\" --dcb \\\\\\"RECFM=FB LRECL=326 BLKSIZE=23472\\\\\\"\\\\n\\\\n\\",
  \\"stderr\\": \\"\\",
  \\"data\\": \\"\\\\n COMMAND NAME\\\\n ------------\\\\n\\\\n   file-to-data-set | ftds\\\\n\\\\n DESCRIPTION\\\\n -----------\\\\n\\\\n   Upload contents of a local file to a z/OS data set\\\\n\\\\n USAGE\\\\n -----\\\\n\\\\n   zowe zos-ftp upload file-to-data-set <file> <dataSet> [options]\\\\n\\\\n POSITIONAL ARGUMENTS\\\\n --------------------\\\\n\\\\n   file\\\\t\\\\t (local file path)\\\\n\\\\n      Upload the contents of this file to the data set\\\\n\\\\n   dataSet\\\\t\\\\t (string)\\\\n\\\\n      The data set (PDS member or physical sequential data set) to which you would\\\\n      like to upload content.\\\\n\\\\n OPTIONS\\\\n -------\\\\n\\\\n   --binary | -b (boolean)\\\\n\\\\n      Upload content in binary mode.\\\\n\\\\n   --dcb (string)\\\\n\\\\n      DCB parameters for sequential dataset (PS dataset) allocation if not existing.\\\\n      It is space separated like RECFM=FB LRECL=326 BLKSIZE=23472\\\\n\\\\n FTP CONNECTION OPTIONS\\\\n ----------------------\\\\n\\\\n   --host | -H (string)\\\\n\\\\n      The hostname or IP address of the z/OS server to connect to.\\\\n\\\\n   --port | -P (number)\\\\n\\\\n      The port of the z/OS FTP server.\\\\n\\\\n      Default value: 21\\\\n\\\\n   --user | -u (string)\\\\n\\\\n      Username for authentication on z/OS\\\\n\\\\n   --password | -p | --pass | --pw (string)\\\\n\\\\n      Password to authenticate to FTP.\\\\n\\\\n   --secure-ftp (boolean)\\\\n\\\\n      Set to true for both control and data connection encryption, 'control' for\\\\n      control connection encryption only, or 'implicit' for implicitly encrypted\\\\n      control connection (this mode is deprecated in modern times, but usually uses\\\\n      port 990). Note: Unfortunately, this plugin's functionality only works with FTP\\\\n      and FTPS, not 'SFTP' which is FTP over SSH.\\\\n\\\\n      Default value: true\\\\n\\\\n   --connection-timeout | --ct (number)\\\\n\\\\n      How long (in milliseconds) to wait for the control connection to be established.\\\\n\\\\n      Default value: 10000\\\\n\\\\n TLS / SECURE CONNECTION OPTIONS\\\\n -------------------------------\\\\n\\\\n   --reject-unauthorized | --ru (boolean)\\\\n\\\\n      Reject self-signed certificates. Only specify this if you are connecting to a\\\\n      secure FTP instance.\\\\n\\\\n   --server-name | --sn (string)\\\\n\\\\n      Server name for the SNI (Server Name Indication) TLS extension. Only specify if\\\\n      you are connecting securely\\\\n\\\\n PROFILE OPTIONS\\\\n ---------------\\\\n\\\\n   --zftp-profile | --zftp-p (string)\\\\n\\\\n      The name of a (zftp) profile to load for this command execution.\\\\n\\\\n   --base-profile | --base-p (string)\\\\n\\\\n      The name of a (base) profile to load for this command execution.\\\\n\\\\n BASE CONNECTION OPTIONS\\\\n -----------------------\\\\n\\\\n   --token-type | --tt (string)\\\\n\\\\n      The type of token to get and use for the API. Omit this option to use the\\\\n      default token type, which is provided by 'zowe auth login'.\\\\n\\\\n   --token-value | --tv (string)\\\\n\\\\n      The value of the token to pass to the API.\\\\n\\\\n   --cert-file (local file path)\\\\n\\\\n      The file path to a certificate file to use for authentication\\\\n\\\\n   --cert-key-file (local file path)\\\\n\\\\n      The file path to a certificate key file to use for authentication\\\\n\\\\n GLOBAL OPTIONS\\\\n --------------\\\\n\\\\n   --show-inputs-only (boolean)\\\\n\\\\n      Show command inputs and do not run the command\\\\n\\\\n   --response-format-json | --rfj (boolean)\\\\n\\\\n      Produce JSON formatted data from a command\\\\n\\\\n   --help | -h (boolean)\\\\n\\\\n      Display help text\\\\n\\\\n   --help-examples (boolean)\\\\n\\\\n      Display examples for all the commands in a group\\\\n\\\\n   --help-web | --hw (boolean)\\\\n\\\\n      Display HTML help in browser\\\\n\\\\n EXAMPLES\\\\n --------\\\\n\\\\n   - Upload to \\\\\\"ibmuser.cntl(iefbr14)\\\\\\" from the file\\\\n   iefbr14.txt:\\\\n\\\\n      $ zowe zos-ftp upload file-to-data-set iefbr14.txt \\\\\\"ibmuser.cntl(iefbr14)\\\\\\"\\\\n\\\\n   - Upload to \\\\\\"ibmuser.cntl(iefbr14)\\\\\\" from the file iefbr14.txt\\\\n   with the DCB parameters:\\\\n\\\\n      $ zowe zos-ftp upload file-to-data-set iefbr14.txt \\\\\\"ibmuser.cntl(iefbr14)\\\\\\" --dcb \\\\\\"RECFM=FB LRECL=326 BLKSIZE=23472\\\\\\"\\\\n\\\\n\\"
}"
`;
